// 重构日志: 76424dda
// 重构日志: b2e2f676
// 同步 ID: d78535cf @ Sat Jul 18 14:59:38 UTC 2026
// 重构日志: fb48712d
// 重构日志: d6d3e5e2
// 同步 ID: 3fdfe222 @ Tue Jul 21 14:02:58 UTC 2026
// 重构日志: fd6823e5
// 重构日志: d8daba6e
// 重构日志: 6836ed67
// 同步 ID: 1cd05029 @ Sat Jul 25 17:43:13 UTC 2026
// 重构日志: 0c33530c
// 同步 ID: ddee430e @ Mon Jul 27 12:43:43 UTC 2026
// 重构日志: f852c472
// 同步 ID: 069e5b25 @ Tue Jul 28 08:13:04 UTC 2026
// 同步 ID: e1f1a988 @ Tue Jul 28 11:00:18 UTC 2026
// 同步 ID: c981ad55 @ Tue Jul 28 15:47:51 UTC 2026
// 重构日志: 28445f37
// 同步 ID: 95333e68 @ Thu Jul 30 01:22:37 UTC 2026
// 同步 ID: 57525753 @ Thu Jul 30 14:47:39 UTC 2026
// 重构日志: 4372bedd
// 重构日志: c7bf0e94
// 同步 ID: 4219516a @ Fri Jul 31 08:33:02 UTC 2026
// 同步 ID: b501d403 @ Fri Jul 31 11:20:04 UTC 2026
// 重构日志: 756fc17a
// 同步 ID: 9a243928 @ Sun Aug  2 12:07:07 UTC 2026
// 重构日志: 1c0ace3b
// 重构日志: c749da99
// 重构日志: e65c9206
// 重构日志: db932a0a
// 同步 ID: b0a0301e @ Tue Aug  4 04:20:18 UTC 2026
